// Jest Snapshot v1, https://goo.gl/fbAQLP

exports[`runQC action Runs only the embedding if only changed filter was configureEmbedding 1`] = `
Array [
  Object {
    "payload": Object {},
    "type": "experimentSettings/discardChangedQCFilters",
  },
  Object {
    "payload": Object {
      "embeddingType": "umap",
    },
    "type": "embeddings/loading",
  },
]
`;
