// Jest Snapshot v1, https://goo.gl/fbAQLP

exports[`DiffExprResults can sort the gene names in alphabetical order 1`] = `
Object {
  "payload": Object {
    "experimentId": "1234",
  },
  "type": "diffExpr/loading",
}
`;

exports[`DiffExprResults can sort the gene names in alphabetical order 2`] = `
Object {
  "payload": Object {
    "cellSets": Object {
      "basis": "condition/condition-control",
      "cellSet": "louvain/louvain-0",
      "compareWith": "louvain/louvain-1",
    },
    "comparisonType": "between",
    "data": Array [
      Object {
        "avg_log2FC": -1.4274754343649423,
        "gene_names": "A",
        "p_val": 1.4969461240347763e-12,
        "p_val_adj": 1.647289002209057e-11,
      },
      Object {
        "avg_log2FC": -2.4274754343649425,
        "gene_names": "B",
        "p_val": 2.4969461240347763e-12,
        "p_val_adj": 2.647289002209057e-11,
      },
      Object {
        "avg_log2FC": -3.4274754343649425,
        "gene_names": "C",
        "p_val": 3.4969461240347765e-12,
        "p_val_adj": 3.647289002209057e-11,
      },
      Object {
        "avg_log2FC": -4.4274754343649425,
        "gene_names": "D",
        "p_val": 4.496946124034777e-12,
        "p_val_adj": 4.647289002209057e-11,
      },
      Object {
        "avg_log2FC": -5.4274754343649425,
        "gene_names": "E",
        "p_val": 5.4969461240347765e-12,
        "p_val_adj": 5.647289002209057e-11,
      },
    ],
    "experimentId": "1234",
    "total": 500,
  },
  "type": "diffExpr/loaded",
}
`;
