// Jest Snapshot v1, https://goo.gl/fbAQLP

exports[`loadEmbedding action loadEmbedding generates correct hash params body for ETag: marker heatmap - hash call params 1`] = `
[
  [
    {
      "body": {
        "downsampleSettings": {
          "groupedTracks": [
            "sample",
            "louvain",
          ],
          "hiddenCellSets": [],
          "selectedCellSet": "louvain",
          "selectedPoints": "All",
        },
        "nGenes": 5,
        "name": "MarkerHeatmap",
      },
      "cacheUniquenessKey": null,
      "experimentId": "6463cb35-3e08-4e94-a181-6d155a5ca570",
      "extraDependencies": [
        {
          "method": "louvain",
          "methodSettings": {
            "louvain": {
              "resolution": 0.8,
            },
          },
        },
        [
          [
            "louvain-0",
            "louvain-1",
            "louvain-2",
            "louvain-3",
            "louvain-4",
            "louvain-5",
            "louvain-6",
            "louvain-7",
            "louvain-8",
            "louvain-9",
            "louvain-10",
            "louvain-11",
            "louvain-12",
            "louvain-13",
          ],
          [
            "louvain-0",
            "louvain-1",
            "louvain-2",
            "louvain-3",
            "louvain-4",
            "louvain-5",
            "louvain-6",
            "louvain-7",
            "louvain-8",
            "louvain-9",
            "louvain-10",
            "louvain-11",
            "louvain-12",
            "louvain-13",
            "b62028a1-ffa0-4f10-823d-93c9ddb88898",
            "ab568662-27fa-462c-9435-625594341314",
            "98c7a0ed-d086-4df8-bf94-a9ee6edb793f",
            "Track_1-KMeta",
            "Track_1-WMetaT",
          ],
        ],
        1,
      ],
      "extras": undefined,
      "qcPipelineStartDate": "2016-03-22T04:00:00.000Z",
      "workerVersion": 4,
    },
  ],
]
`;
