// Jest Snapshot v1, https://goo.gl/fbAQLP

exports[`loadMarkerGenes action dispatches appropriately on error 1`] = `
Array [
  undefined,
  Object {
    "error": "We couldn't get the marker genes",
  },
]
`;

exports[`loadMarkerGenes action dispatches appropriately on success 1`] = `
Array [
  undefined,
  Object {
    "data": Object {
      "orderedGeneNames": Array [
        "geneA",
      ],
      "rawExpression": Object {
        "datatype": undefined,
        "index": Array [],
        "mathjs": "SparseMatrix",
        "ptr": Array [
          0,
          0,
        ],
        "size": Array [
          1,
          1,
        ],
        "values": Array [],
      },
      "stats": Object {
        "a": Object {
          "rawMean": 1,
          "rawStdev": 0,
          "truncatedMax": 1,
          "truncatedMin": 1,
        },
      },
      "truncatedExpression": Object {
        "datatype": undefined,
        "index": Array [],
        "mathjs": "SparseMatrix",
        "ptr": Array [
          0,
          0,
        ],
        "size": Array [
          1,
          1,
        ],
        "values": Array [],
      },
      "zScore": Object {
        "datatype": undefined,
        "index": Array [],
        "mathjs": "SparseMatrix",
        "ptr": Array [
          0,
          0,
        ],
        "size": Array [
          1,
          1,
        ],
        "values": Array [],
      },
    },
    "plotUuid": "interactiveHeatmap",
  },
]
`;
