// Jest Snapshot v1, https://goo.gl/fbAQLP

exports[`ChangesNotAppliedModal Shows the QCRerunDisabledModal if the pipelineVersion is too old 1`] = `
[
  [
    "http://localhost:3000/v2/experiments/experiment-id/clone",
    {
      "body": "{"name":"Clone of expName"}",
      "headers": {
        "Content-Type": "application/json",
      },
      "method": "POST",
    },
  ],
]
`;
