// Jest Snapshot v1, https://goo.gl/fbAQLP

exports[`deleteCellSet action Dispatches an action to delete cell set to the reducer 1`] = `
Object {
  "payload": Object {
    "key": "my-key",
  },
  "type": "cellSets/delete",
}
`;

exports[`deleteCellSet action Sends fetch to the API when a cell set is deleted 1`] = `
Object {
  "body": "[{\\"$match\\":{\\"query\\":\\"$[?(@.key == \\\\\\"scratchpad\\\\\\")]\\",\\"value\\":{\\"children\\":[{\\"$match\\":{\\"query\\":\\"$[?(@.key == \\\\\\"my-key\\\\\\")]\\",\\"value\\":{\\"$remove\\":true}}}]}}}]",
  "headers": Object {
    "Content-Type": "application/boschni-json-merger+json",
  },
  "method": "PATCH",
}
`;

exports[`deleteCellSet action Uses V2 URL when using API version V2 1`] = `
Object {
  "body": "[{\\"$match\\":{\\"query\\":\\"$[?(@.key == \\\\\\"scratchpad\\\\\\")]\\",\\"value\\":{\\"children\\":[{\\"$match\\":{\\"query\\":\\"$[?(@.key == \\\\\\"my-key\\\\\\")]\\",\\"value\\":{\\"$remove\\":true}}}]}}}]",
  "headers": Object {
    "Content-Type": "application/boschni-json-merger+json",
  },
  "method": "PATCH",
}
`;
