// Jest Snapshot v1, https://goo.gl/fbAQLP

exports[`loadCellSets action Dispatches a loaded action when run with the initial state. 1`] = `
[
  {
    "type": "cellSets/loading",
  },
  {
    "payload": {
      "data": [
        {
          "children": [
            {
              "cellIds": [
                5,
                18,
                33,
                55,
                77,
              ],
              "color": "#ee8866",
              "key": "louvain-1",
              "name": "Cluster 1",
              "rootNode": false,
              "type": "cellSets",
            },
            {
              "cellIds": [
                11,
                23,
                27,
                48,
                61,
              ],
              "color": "#000000",
              "key": "louvain-0",
              "name": "Cluster 0",
              "rootNode": false,
              "type": "cellSets",
            },
            {
              "cellIds": [
                68,
                112,
                122,
                132,
                189,
              ],
              "color": "#ffaabb",
              "key": "louvain-3",
              "name": "Cluster 3",
              "rootNode": false,
              "type": "cellSets",
            },
            {
              "cellIds": [
                3,
                34,
                42,
                49,
                71,
              ],
              "color": "#eedd88",
              "key": "louvain-2",
              "name": "Cluster 2",
              "rootNode": false,
              "type": "cellSets",
            },
          ],
          "key": "louvain",
          "name": "louvain clusters",
          "rootNode": true,
          "type": "cellSets",
        },
        {
          "children": [
            {
              "cellIds": [
                3103,
                449,
                4023,
                2545,
                930,
              ],
              "color": "#3957ff",
              "key": "8297d513-6268-4ab0-a03e-e74a23ecec07",
              "name": "New Cluster",
              "type": "cellSets",
            },
            {
              "cellIds": [
                6536,
                3654,
                1075,
                1538,
                193,
              ],
              "color": "#d3fe14",
              "key": "99a7746b-7f9d-4e54-8acf-53031e4ff023",
              "name": "New Cluster2",
              "type": "cellSets",
            },
          ],
          "key": "scratchpad",
          "name": "Custom cell sets",
          "rootNode": true,
          "type": "cellSets",
        },
        {
          "children": [
            {
              "cellIds": [
                0,
                1,
                2,
                4,
                5,
                7,
              ],
              "color": "#77aadd",
              "key": "b15fa0d6-74e8-49da-bcbb-aa07127960d0",
              "name": "Convalescent",
            },
          ],
          "key": "sample",
          "name": "Samples",
          "rootNode": true,
          "type": "metadataCategorical",
        },
      ],
      "experimentId": "1234",
    },
    "type": "cellSets/loaded",
  },
]
`;

exports[`loadCellSets action Dispatches an error condition if fetch fails 1`] = `
[
  {
    "type": "cellSets/loading",
  },
  {
    "payload": {
      "error": "We couldn't get the list of cell sets.",
    },
    "type": "cellSets/error",
  },
]
`;

exports[`loadCellSets action Dispatches on initial load pending false and error state 1`] = `
[
  {
    "type": "cellSets/loading",
  },
  {
    "payload": {
      "data": [
        {
          "children": [
            {
              "cellIds": [
                5,
                18,
                33,
                55,
                77,
              ],
              "color": "#ee8866",
              "key": "louvain-1",
              "name": "Cluster 1",
              "rootNode": false,
              "type": "cellSets",
            },
            {
              "cellIds": [
                11,
                23,
                27,
                48,
                61,
              ],
              "color": "#000000",
              "key": "louvain-0",
              "name": "Cluster 0",
              "rootNode": false,
              "type": "cellSets",
            },
            {
              "cellIds": [
                68,
                112,
                122,
                132,
                189,
              ],
              "color": "#ffaabb",
              "key": "louvain-3",
              "name": "Cluster 3",
              "rootNode": false,
              "type": "cellSets",
            },
            {
              "cellIds": [
                3,
                34,
                42,
                49,
                71,
              ],
              "color": "#eedd88",
              "key": "louvain-2",
              "name": "Cluster 2",
              "rootNode": false,
              "type": "cellSets",
            },
          ],
          "key": "louvain",
          "name": "louvain clusters",
          "rootNode": true,
          "type": "cellSets",
        },
        {
          "children": [
            {
              "cellIds": [
                3103,
                449,
                4023,
                2545,
                930,
              ],
              "color": "#3957ff",
              "key": "8297d513-6268-4ab0-a03e-e74a23ecec07",
              "name": "New Cluster",
              "type": "cellSets",
            },
            {
              "cellIds": [
                6536,
                3654,
                1075,
                1538,
                193,
              ],
              "color": "#d3fe14",
              "key": "99a7746b-7f9d-4e54-8acf-53031e4ff023",
              "name": "New Cluster2",
              "type": "cellSets",
            },
          ],
          "key": "scratchpad",
          "name": "Custom cell sets",
          "rootNode": true,
          "type": "cellSets",
        },
        {
          "children": [
            {
              "cellIds": [
                0,
                1,
                2,
                4,
                5,
                7,
              ],
              "color": "#77aadd",
              "key": "b15fa0d6-74e8-49da-bcbb-aa07127960d0",
              "name": "Convalescent",
            },
          ],
          "key": "sample",
          "name": "Samples",
          "rootNode": true,
          "type": "metadataCategorical",
        },
      ],
      "experimentId": "1234",
    },
    "type": "cellSets/loaded",
  },
]
`;
