// Jest Snapshot v1, https://goo.gl/fbAQLP

exports[`updateCellSetProperty action Dispatches an action to update property to the reducer 1`] = `
Object {
  "payload": Object {
    "cellSetKey": "node",
    "dataUpdated": Object {
      "name": "Some node!",
    },
    "experimentId": "1234",
  },
  "type": "cellSets/updateProperty",
}
`;
