// Jest Snapshot v1, https://goo.gl/fbAQLP

exports[`process10XUpload Uploads and updates redux correctly when there are no errors with cellranger v2 1`] = `
Array [
  Object {
    "data": Blob {},
    "headers": Object {
      "Content-Type": "application/octet-stream",
    },
    "method": "put",
    "onUploadProgress": [Function],
    "url": "theSignedUrl",
  },
  Object {
    "data": Blob {},
    "headers": Object {
      "Content-Type": "application/octet-stream",
    },
    "method": "put",
    "onUploadProgress": [Function],
    "url": "theSignedUrl",
  },
  Object {
    "data": Blob {},
    "headers": Object {
      "Content-Type": "application/octet-stream",
    },
    "method": "put",
    "onUploadProgress": [Function],
    "url": "theSignedUrl",
  },
]
`;

exports[`process10XUpload Uploads and updates redux correctly when there are no errors with cellranger v3 1`] = `
Array [
  Object {
    "data": Blob {},
    "headers": Object {
      "Content-Type": "application/octet-stream",
    },
    "method": "put",
    "onUploadProgress": [Function],
    "url": "theSignedUrl",
  },
  Object {
    "data": Blob {},
    "headers": Object {
      "Content-Type": "application/octet-stream",
    },
    "method": "put",
    "onUploadProgress": [Function],
    "url": "theSignedUrl",
  },
  Object {
    "data": Blob {},
    "headers": Object {
      "Content-Type": "application/octet-stream",
    },
    "method": "put",
    "onUploadProgress": [Function],
    "url": "theSignedUrl",
  },
]
`;
