// Jest Snapshot v1, https://goo.gl/fbAQLP

exports[`processUpload Uploads and updates redux correctly when there are no errors with cellranger v2 1`] = `
[
 {
    "data": {},
    "headers":{
      "Content-Type": "application/octet-stream",
    },
    "method": "put",
    "onUploadProgress": [Function],
    "url": "theSignedUrl",
  },
 {
    "data": {},
    "headers":{
      "Content-Type": "application/octet-stream",
    },
    "method": "put",
    "onUploadProgress": [Function],
    "url": "theSignedUrl",
  },
 {
    "data": {},
    "headers":{
      "Content-Type": "application/octet-stream",
    },
    "method": "put",
    "onUploadProgress": [Function],
    "url": "theSignedUrl",
  },
]
`;

exports[`processUpload Uploads and updates redux correctly when there are no errors with cellranger v3 1`] = `
[
 {
    "data": {},
    "headers":{
      "Content-Type": "application/octet-stream",
    },
    "method": "put",
    "onUploadProgress": [Function],
    "url": "theSignedUrl",
  },
 {
    "data": {},
    "headers":{
      "Content-Type": "application/octet-stream",
    },
    "method": "put",
    "onUploadProgress": [Function],
    "url": "theSignedUrl",
  },
 {
    "data": {},
    "headers":{
      "Content-Type": "application/octet-stream",
    },
    "method": "put",
    "onUploadProgress": [Function],
    "url": "theSignedUrl",
  },
]
`;
