// Jest Snapshot v1, https://goo.gl/fbAQLP

exports[`updateConfig Checking if empty update doesnt change anything 1`] = `
Object {
  "embeddingCategoricalMain": Object {
    "config": Object {
      "axesOffset": 10,
      "axisTicks": 13,
      "axisTitlesize": 13,
      "g1Color": "red",
      "g2mColor": "green",
      "geneexpLegendloc": "",
      "height": 550,
      "labelFont": 2,
      "labelShow": 1,
      "labelSize": 28,
      "labelsEnabled": true,
      "legendEnabled": true,
      "legendPosition": "top",
      "legendTextColor": "#FFFFFF",
      "masterColour": "#000000",
      "masterFont": "sans-serif",
      "pointOpa": 5,
      "pointSize": 5,
      "pointStyle": "circle",
      "sColor": "blue",
      "selectedCellSet": "louvain",
      "spec": "1.0.0",
      "testVar": null,
      "titleAnchor": "start",
      "titleSize": 20,
      "titleText": "",
      "toggleInvert": "#FFFFFF",
      "transGrid": 0,
      "width": 700,
      "xaxisText": "UMAP 1",
      "yaxisText": "UMAP 2",
    },
    "experimentId": "1234",
    "outstandingChanges": true,
  },
}
`;

exports[`updateConfig Checking if fields changed 1`] = `
Object {
  "volcanoPlotMain": Object {
    "config": Object {
      "axesOffset": 10,
      "axisTicks": 13,
      "axisTitlesize": 13,
      "colGrid": "#000000",
      "downsampleRatio": 0,
      "height": 2000,
      "legend": null,
      "legendEnabled": true,
      "legendPosition": "top-right",
      "lineWidth": 2,
      "logFoldChangeDomain": 20,
      "logFoldChangeThreshold": 1,
      "logFoldChangeThresholdColor": "#ff0000",
      "logFoldChangeTickCount": 5,
      "masterColour": "#000000",
      "masterFont": "sans-serif",
      "maxNegativeLogpValueDomain": null,
      "negLogpValueThreshold": 4,
      "negativeLogpValueTickCount": 5,
      "noDifferenceColor": "#aaaaaa",
      "notSignificantDownregulatedColor": "#aaaaaa",
      "notSignificantUpregulatedColor": "#aaaaaa",
      "pointOpa": 5,
      "pointSize": 32,
      "pointStyle": "circle",
      "pvalueThresholdColor": "#ff0000",
      "reverseCbar": false,
      "showLogFoldChangeThresholdGuides": true,
      "showpvalueThresholdGuides": true,
      "significantChangeDirectionUnknownColor": "#aaaaaa",
      "significantDownregulatedColor": "#ff0000",
      "significantUpregulatedColor": "#0000ffaa",
      "spec": "1.0.0",
      "strokeCol": "#000000",
      "strokeOpa": 1,
      "textThresholdValue": 240,
      "thresholdGuideWidth": 1,
      "titleAnchor": "start",
      "titleSize": 20,
      "titleText": "",
      "toggleInvert": "#FFFFFF",
      "transGrid": 5,
      "width": 500,
      "widthGrid": 10,
      "xaxisText": "log2 fold change",
      "yaxisText": "-log10(adj. p-value)",
    },
    "experimentId": "1234",
    "outstandingChanges": true,
  },
}
`;
