// Jest Snapshot v1, https://goo.gl/fbAQLP

exports[`fetchWork runs correctly for gene expression work request 1`] = `
{
  "orderedGeneNames": [
    "A",
    "B",
    "C",
    "D",
  ],
  "rawExpression": {
    "datatype": undefined,
    "index": [
      0,
      0,
      2,
      0,
      2,
    ],
    "mathjs": "SparseMatrix",
    "ptr": [
      0,
      1,
      3,
      5,
    ],
    "size": [
      3,
      3,
    ],
    "values": [
      1,
      2,
      5,
      1,
      6,
    ],
  },
  "stats": {
    "rawMean": [
      0.3,
      2.3,
      1.3,
      14.2,
    ],
    "rawStdev": [
      0.4,
      2,
      1,
      1.2,
    ],
    "truncatedMax": [
      1,
      3,
      5,
      0.5,
    ],
    "truncatedMin": [
      0,
      2,
      1,
      0.1,
    ],
  },
  "truncatedExpression": {
    "datatype": undefined,
    "index": [
      0,
      0,
      2,
      0,
      2,
    ],
    "mathjs": "SparseMatrix",
    "ptr": [
      0,
      1,
      3,
      5,
    ],
    "size": [
      3,
      3,
    ],
    "values": [
      1,
      2,
      3,
      0.5,
      1,
    ],
  },
  "zScore": {
    "datatype": undefined,
    "index": [
      0,
      0,
      2,
      0,
      2,
    ],
    "mathjs": "SparseMatrix",
    "ptr": [
      0,
      1,
      3,
      5,
    ],
    "size": [
      3,
      3,
    ],
    "values": [
      1,
      1,
      3,
      3,
      1,
    ],
  },
}
`;
