// Jest Snapshot v1, https://goo.gl/fbAQLP

exports[`fetchWork does not use cache for gene expression request 1`] = `undefined`;

exports[`fetchWork does not use cache for gene expression request 2`] = `
{
  "S3Data": true,
}
`;

exports[`fetchWork returns data from S3 directly if available 1`] = `
[
  [
    "ListGenes",
    "fakeSignedUrl",
  ],
]
`;

exports[`fetchWork returns data from S3 directly if available 2`] = `
{
  "S3Data": true,
}
`;

exports[`fetchWork returns data from cache if available 1`] = `
{
  "cacheData": true,
}
`;

exports[`fetchWork waits and returns data from the worker 1`] = `[]`;

exports[`fetchWork waits and returns data from the worker 2`] = `
[
  [
    "fakeETag",
    "testae48e318dab9a1bd0bexperiment",
    null,
    10,
    [Function],
  ],
]
`;

exports[`fetchWork waits and returns data from the worker 3`] = `true`;
