// Jest Snapshot v1, https://goo.gl/fbAQLP

exports[`Data Processing CalculationConfig clicking on button triggers save action and reloading of plot data 1`] = `
Array [
  Object {
    "payload": Object {
      "configChange": Object {
        "embeddingSettings": Object {
          "method": "tsne",
          "methodSettings": Object {
            "tsne": Object {
              "learningRate": 200,
              "perplexity": 30,
            },
            "umap": Object {
              "distanceMetric": "euclidean",
              "minimumDistance": 0.1,
            },
          },
        },
      },
      "step": "configureEmbedding",
    },
    "type": "experimentSettings/updateProcessing",
  },
  Object {
    "payload": Object {
      "embeddingType": "umap",
      "experimentId": "1234",
    },
    "type": "embeddings/loading",
  },
]
`;
