// Jest Snapshot v1, https://goo.gl/fbAQLP

exports[`getDiffExpr test Should return result with the correct shape 1`] = `
Object {
  "data": Object {
    "gene_id": Array [
      "ENMUSG00000001",
      "ENMUSG00000002",
      "ENMUSG00000003",
    ],
    "gene_names": Array [
      "gene1",
      "gene2",
      "gene3",
    ],
  },
  "total": 3,
}
`;
