// Jest Snapshot v1, https://goo.gl/fbAQLP

exports[`generateLegendAlertHook Should be able to use the hardcoded value for comparison 1`] = `
Object {
  "legend": Object {
    "colour": "#000000",
    "enabled": false,
    "position": "right",
    "showAlert": true,
  },
  "selectedCellSet": "louvain",
}
`;

exports[`generateLegendAlertHook Should use the plotConfig cellSet value for comparison 1`] = `
Object {
  "legend": Object {
    "colour": "#000000",
    "enabled": false,
    "position": "right",
    "showAlert": true,
  },
  "selectedCellSet": "louvain",
}
`;
