// Jest Snapshot v1, https://goo.gl/fbAQLP

exports[`ExpressionCellSetModal Sends the correct genes list with params 1`] = `
[
  "testae48e318dab9a1bd0bexperiment",
  {
    "genesConfig": [
      {
        "comparisonType": "lessThan",
        "geneName": "DOK3",
        "thresholdValue": 0.05,
      },
      {
        "comparisonType": "greaterThan",
        "geneName": "DOK4",
        "thresholdValue": 0,
      },
    ],
    "name": "GetExpressionCellSets",
  },
  180,
  "112b7e18e9ff5a18aeea19c27688864d",
  {
    "PipelineRunETag": "2021-10-20T12:51:44.755Z",
    "broadcast": true,
  },
]
`;
