// Jest Snapshot v1, https://goo.gl/fbAQLP

exports[`updateSample action Dispatches event correctly 1`] = `
Object {
  "payload": Object {
    "sample": Object {
      "complete": false,
      "error": false,
      "fileNames": Array [],
      "files": Object {},
      "name": "updated name",
      "species": null,
      "type": null,
      "uuid": "12345",
    },
  },
  "type": "samples/update",
}
`;
