// Jest Snapshot v1, https://goo.gl/fbAQLP

exports[`updateSample action Error handling works 1`] = `
[
  {
    "message": "Saving sample...",
  },
  {
    "error": "We couldn't save your data.",
  },
]
`;

exports[`updateSample action Works correctly 1`] = `
[
  {
    "message": "Saving sample...",
  },
  undefined,
  {
    "sample": {
      "name": "updated name",
    },
    "sampleUuid": "asd123",
  },
  {
    "experimentId": null,
  },
  {
    "error": "We couldn't get the status of the experiment's data processing.",
    "experimentId": null,
  },
]
`;
