// Jest Snapshot v1, https://goo.gl/fbAQLP

exports[`markerGenesLoaded returns correct state 1`] = `
Object {
  "expression": Object {
    "error": false,
    "loading": Array [],
    "matrix": ExpressionMatrix {
      "geneIndexes": Object {
        "geneA": 0,
      },
      "rawGeneExpressions": Object {
        "datatype": undefined,
        "index": Array [
          1,
          2,
          3,
          4,
          5,
          6,
          7,
          8,
          9,
        ],
        "mathjs": "SparseMatrix",
        "ptr": Array [
          0,
          9,
        ],
        "size": Array [
          10,
          1,
        ],
        "values": Array [
          1,
          2,
          3,
          4,
          5,
          6,
          7,
          8,
          9,
        ],
      },
      "stats": Object {
        "a": Object {
          "rawMean": 1,
          "rawStdev": 0,
          "truncatedMax": 1,
          "truncatedMin": 1,
        },
      },
      "truncatedGeneExpressions": Object {
        "datatype": undefined,
        "index": Array [
          1,
          2,
          3,
          4,
          5,
          6,
          7,
          8,
          9,
        ],
        "mathjs": "SparseMatrix",
        "ptr": Array [
          0,
          9,
        ],
        "size": Array [
          10,
          1,
        ],
        "values": Array [
          1,
          2,
          3,
          4,
          5,
          6,
          7,
          8,
          9,
        ],
      },
      "zScore": Object {
        "datatype": undefined,
        "index": Array [
          1,
          2,
          3,
          4,
          5,
          6,
          7,
          8,
          9,
        ],
        "mathjs": "SparseMatrix",
        "ptr": Array [
          0,
          9,
        ],
        "size": Array [
          10,
          1,
        ],
        "values": Array [
          1,
          2,
          3,
          4,
          5,
          6,
          7,
          8,
          9,
        ],
      },
    },
    "views": Object {
      "interactiveHeatmap": Object {
        "data": Array [
          "geneA",
        ],
        "error": false,
        "fetching": false,
      },
    },
  },
  "focused": undefined,
  "markers": Object {
    "error": false,
    "loading": false,
  },
  "properties": Object {
    "data": Object {},
    "loading": Array [],
    "views": Object {},
  },
  "selected": Array [],
}
`;
