// Jest Snapshot v1, https://goo.gl/fbAQLP

exports[`HideButton clicking on hidden state triggers unhide action 1`] = `
{
  "payload": {
    "key": "random-hidden-key",
  },
  "type": "cellSets/unhide",
}
`;

exports[`HideButton clicking on visible state triggers hide acction 1`] = `
{
  "payload": {
    "key": "not-hidden",
  },
  "type": "cellSets/hide",
}
`;
