// Jest Snapshot v1, https://goo.gl/fbAQLP

exports[`loadCellMeta action Dispatches a loaded action when run with the initial state. 1`] = `
{
  "payload": {
    "metaName": "mitochondrialContent",
  },
  "type": "cellMeta/loading",
}
`;

exports[`loadCellMeta action Dispatches a loading action when run after an error condition. 1`] = `
{
  "payload": {
    "metaName": "mitochondrialContent",
  },
  "type": "cellMeta/loading",
}
`;

exports[`loadCellMeta action Dispatches an error condition if fetch fails 1`] = `
{
  "payload": {
    "metaName": "mitochondrialContent",
  },
  "type": "cellMeta/loading",
}
`;
