// Jest Snapshot v1, https://goo.gl/fbAQLP

exports[`HeatmapGroupBySettings order and shown tracks are changed when the switches and the buttons are pressed 1`] = `
Object {
  "payload": Object {
    "configChanges": Object {
      "selectedTracks": Array [
        "louvain",
        "sample",
      ],
    },
    "plotUuid": "interactiveHeatmap",
  },
  "type": "componentConfig/update",
}
`;

exports[`HeatmapGroupBySettings order and shown tracks are changed when the switches and the buttons are pressed 2`] = `
Object {
  "payload": Object {
    "configChanges": Object {
      "selectedTracks": Array [
        "sample",
        "louvain",
      ],
    },
    "plotUuid": "interactiveHeatmap",
  },
  "type": "componentConfig/update",
}
`;
