// Jest Snapshot v1, https://goo.gl/fbAQLP

exports[`HeatmapExpressionValuesSettings choosing another setting will trigger the appropriate action 1`] = `
Object {
  "payload": Object {
    "configChanges": Object {
      "expressionValue": "zScore",
    },
    "plotUuid": "interactiveHeatmap",
  },
  "type": "componentConfig/update",
}
`;
