// Jest Snapshot v1, https://goo.gl/fbAQLP

exports[`HeatmapGroupBySettings interacting with the groupby add/remove options will trigger the appropriate actions 1`] = `
{
  "payload": {
    "configChanges": {
      "groupedTracks": [
        "sample",
        "louvain",
      ],
    },
    "plotUuid": "interactiveHeatmap",
  },
  "type": "componentConfig/update",
}
`;

exports[`HeatmapGroupBySettings interacting with the groupby add/remove options will trigger the appropriate actions 2`] = `
{
  "payload": {
    "configChanges": {
      "groupedTracks": [
        "sample",
        "louvain",
      ],
    },
    "plotUuid": "interactiveHeatmap",
  },
  "type": "componentConfig/update",
}
`;

exports[`HeatmapGroupBySettings interacting with the groupby reorder options will trigger the appropriate actions 1`] = `
{
  "payload": {
    "configChanges": {
      "groupedTracks": [
        "louvain",
        "sample",
      ],
    },
    "plotUuid": "interactiveHeatmap",
  },
  "type": "componentConfig/update",
}
`;
