// Jest Snapshot v1, https://goo.gl/fbAQLP

exports[`loadBackendStatus Dispatches error if fetch fails 1`] = `
[
  {
    "experimentId": "1234",
  },
  {
    "error": "We couldn't get the status of the experiment's data processing.",
    "experimentId": "1234",
  },
]
`;

exports[`loadBackendStatus Works well if fetch works 1`] = `
[
  {
    "experimentId": "1234",
  },
  {
    "experimentId": "1234",
    "status": {
      "gem2s": {
        "completedSteps": [],
        "error": false,
        "startDate": null,
        "status": "NOT_CREATED",
        "stopDate": null,
      },
      "pipeline": {
        "completedSteps": [],
        "error": false,
        "startDate": null,
        "status": "NOT_CREATED",
        "stopDate": null,
      },
      "worker": {
        "ready": true,
        "restartCount": 0,
        "started": true,
        "status": "Running",
      },
    },
  },
]
`;
