// Jest Snapshot v1, https://goo.gl/fbAQLP

exports[`updateBackendStatus Dispatches the correct action 1`] = `
{
  "payload": {
    "experimentId": "1234",
    "status": {
      "status": {
        "gem2s": {
          "status": "Running",
        },
      },
    },
  },
  "type": "backendStatus/backendStatusUpdated",
}
`;
