// Jest Snapshot v1, https://goo.gl/fbAQLP

exports[`Get cell sets hierarchy selector test Returns all if no type provided 1`] = `Array []`;

exports[`Get cell sets hierarchy selector test returns only selected cellset types 1`] = `
Array [
  Object {
    "children": Array [
      Object {
        "key": "test-1",
      },
      Object {
        "key": "test-2",
      },
    ],
    "key": "test",
    "name": "Test",
    "type": "firstType",
  },
]
`;
