// Jest Snapshot v1, https://goo.gl/fbAQLP

exports[`samplesCreate returns correct state if previous state was initial 1`] = `
Object {
  "ids": Array [
    "project-1",
  ],
  "meta": Object {
    "activeProjectUuid": "project-1",
  },
  "project-1": Object {
    "createdDate": "01-01-2021",
    "description": "this is a test description",
    "experiments": Array [],
    "lastAnalyzed": null,
    "lastModified": "01-01-2021",
    "metadataKeys": Array [],
    "name": "test project",
    "samples": Array [
      "uuid",
    ],
    "uuid": "project-1",
  },
}
`;

exports[`samplesCreate returns correct state when project already had a sample 1`] = `
Object {
  "ids": Array [
    "project-1",
  ],
  "meta": Object {
    "activeProjectUuid": "project-1",
  },
  "project-1": Object {
    "createdDate": "01-01-2021",
    "description": "this is a test description",
    "experiments": Array [],
    "lastAnalyzed": null,
    "lastModified": "01-01-2021",
    "metadataKeys": Array [],
    "name": "test project",
    "samples": Array [
      "uuid",
    ],
    "uuid": "project-1",
  },
}
`;
